{
  "Due": "2000-01-01T01:01:01",
  "Headers": "{}",
  "RowVersion": 1
}