[
  {
    "Due": "2000-01-01T01:01:01",
    "Headers": "{}",
    "RowVersion": 2
  },
  {
    "Due": "2000-01-01T01:01:01",
    "Headers": "headers",
    "RowVersion": 3,
    "bodyString": "{}"
  },
  {
    "Due": "2000-01-01T01:01:01",
    "Headers": "{}",
    "RowVersion": 4
  }
]