{
  "Due": "2000-01-01T01:01:01",
  "Headers": "headers",
  "RowVersion": 1,
  "bodyString": "{}"
}