[
  {
    "Id": "00000000-0000-0000-0000-000000000002",
    "Created": "2018-05-16T12:12:16"
  }
]