[
  {
    "Headers": "headers",
    "Due": "2000-01-01T01:01:01",
    "Body": "{}"
  },
  {
    "Headers": "headers",
    "Due": "2000-01-01T01:01:01",
    "Body": "{}"
  }
]