[
  {
    "Expires": "2000-01-01T01:01:01",
    "Headers": "headers",
    "Id": "00000000-0000-0000-0000-000000000001",
    "Body": "{}"
  },
  {
    "Headers": "{}",
    "Id": "00000000-0000-0000-0000-000000000002"
  },
  {
    "Expires": "2000-01-01T01:01:01",
    "Headers": "headers",
    "Id": "00000000-0000-0000-0000-000000000003",
    "Body": "{}"
  },
  {
    "Headers": "{}",
    "Id": "00000000-0000-0000-0000-000000000004"
  },
  {
    "Expires": "2000-01-01T01:01:01",
    "Headers": "headers",
    "Id": "00000000-0000-0000-0000-000000000005",
    "Body": "{}"
  }
]